// Jest Snapshot v1, https://goo.gl/fbAQLP

exports[`Renders 1`] = `
<div>
  <div
    class="css-ihy8jo-Layout e16xpiph0"
  >
    <header
      class="css-u19x77-Header e16xpiph1"
    >
      <div
        class="css-1xfx2u-MainLayout"
      >
        <a
          class="css-lgww11-LogoLink e16xpiph3"
        >
          Remote Study
        </a>
      </div>
      <div
        class="css-3p00ct-MainLayout"
      >
        <a
          class="css-10fkiix-NavLink e16xpiph4"
        >
          Все предметы
        </a>
      </div>
    </header>
    <main
      class="css-zamk5m-Main e16xpiph2"
    >
      Test
    </main>
  </div>
</div>
`;
